
Allocating common symbols
Common symbol       size              file

netbufpool          0x4               binaries/net.o
readylist           0x2               binaries/ready.o
nextlock            0x4               binaries/linit.o
rfltab              0x5a0             binaries/rflinit.o
sleepq              0x2               binaries/clkinit.o
nnames              0x4               binaries/naminit.o
udptab              0x168             binaries/udp.o
minheap             0x4               binaries/meminit.o
marks               0x50              binaries/mark.o
currpid             0x4               binaries/initialize.o
Lf_data             0x20c             binaries/lfsinit.o
porttab             0x2d0             binaries/ptinit.o
girmask             0x2               binaries/evec.o
ttytab              0x10c             binaries/ttyinit.o
proctab             0x6bd0            binaries/initialize.o
prcount             0x4               binaries/initialize.o
lck                 0x4               binaries/main.o
lfltab              0xf00             binaries/lflinit.o
rdstab              0x8c              binaries/rdsinit.o
ethertab            0x138             binaries/ethinit.o
NetData             0xa8              binaries/net.o
nmarks              0x4               binaries/mark.o
Defer               0x8               binaries/resched.o
semtab              0x4b0             binaries/initialize.o
lcks                0xc8              binaries/main.o
maxheap             0x4               binaries/meminit.o
preempt             0x4               binaries/clkinit.o
buftab              0xf0              binaries/bufinit.o
Rf_data             0x18              binaries/rfsinit.o
mkmutex             0x4               binaries/mark.o
clktime             0x4               binaries/clkinit.o
arpcache            0x140             binaries/arp.o
icmptab             0x230             binaries/icmp.o
nbpools             0x4               binaries/bufinit.o
queuetab            0x17a0            binaries/queue.o
locktab             0x5140            binaries/linit.o
ptnextid            0x4               binaries/ptinit.o
Ram                 0x19000           binaries/raminit.o
ipoqueue            0x2c              binaries/ip.o
memlist             0x8               binaries/initialize.o
nametab             0x19a0            binaries/naminit.o
ptfree              0x4               binaries/ptinit.o

Discarded input sections

 .group         0x0000000000000000        0x8 binaries/ascdate.o
 .group         0x0000000000000000        0x8 binaries/bufinit.o
 .group         0x0000000000000000        0x8 binaries/chprio.o
 .text.__x86.get_pc_thunk.bx
                0x0000000000000000        0x4 binaries/chprio.o
 .group         0x0000000000000000        0x8 binaries/clkhandler.o
 .text.__x86.get_pc_thunk.bx
                0x0000000000000000        0x4 binaries/clkhandler.o
 .group         0x0000000000000000        0x8 binaries/clkinit.o
 .text.__x86.get_pc_thunk.bx
                0x0000000000000000        0x4 binaries/clkinit.o
 .group         0x0000000000000000        0x8 binaries/close.o
 .text.__x86.get_pc_thunk.bx
                0x0000000000000000        0x4 binaries/close.o
 .group         0x0000000000000000        0x8 binaries/control.o
 .text.__x86.get_pc_thunk.bx
                0x0000000000000000        0x4 binaries/control.o
 .group         0x0000000000000000        0x8 binaries/create.o
 .text.__x86.get_pc_thunk.bx
                0x0000000000000000        0x4 binaries/create.o
 .group         0x0000000000000000        0x8 binaries/early_imr.o
 .text.__x86.get_pc_thunk.bx
                0x0000000000000000        0x4 binaries/early_imr.o
 .group         0x0000000000000000        0x8 binaries/evec.o
 .text.__x86.get_pc_thunk.bx
                0x0000000000000000        0x4 binaries/evec.o
 .group         0x0000000000000000        0x8 binaries/freebuf.o
 .text.__x86.get_pc_thunk.bx
                0x0000000000000000        0x4 binaries/freebuf.o
 .group         0x0000000000000000        0x8 binaries/freemem.o
 .text.__x86.get_pc_thunk.bx
                0x0000000000000000        0x4 binaries/freemem.o
 .group         0x0000000000000000        0x8 binaries/getbuf.o
 .text.__x86.get_pc_thunk.bx
                0x0000000000000000        0x4 binaries/getbuf.o
 .group         0x0000000000000000        0x8 binaries/getc.o
 .text.__x86.get_pc_thunk.bx
                0x0000000000000000        0x4 binaries/getc.o
 .group         0x0000000000000000        0x8 binaries/getdev.o
 .text.__x86.get_pc_thunk.bx
                0x0000000000000000        0x4 binaries/getdev.o
 .group         0x0000000000000000        0x8 binaries/getitem.o
 .group         0x0000000000000000        0x8 binaries/getitem.o
 .group         0x0000000000000000        0x8 binaries/getmem.o
 .text.__x86.get_pc_thunk.bx
                0x0000000000000000        0x4 binaries/getmem.o
 .group         0x0000000000000000        0x8 binaries/getpid.o
[...]
Memory Configuration

Name             Origin             Length             Attributes
*default*        0x0000000000000000 0xffffffffffffffff

Linker script and memory map

                0x0000000000100000                physbase = 0x100000
                0x0000000000100000                . = physbase
                0x0000000000100000                . = ALIGN (0x1000)

.text           0x0000000000100000    0x18000
                0x0000000000100000                text = ABSOLUTE (.)
 *(.text .text.*)
 .text          0x0000000000100000      0x1a8 binaries/start.o
                0x0000000000100024                start
                0x00000000001000f6                inb
                0x00000000001000fe                inw
                0x0000000000100107                inl
                0x000000000010010f                outb
                0x0000000000100119                outw
                0x0000000000100124                outl
                0x000000000010012e                _rtcin
                0x0000000000100139                ___udivsi3
                0x0000000000100144                ___divsi3
                0x0000000000100150                sbzero
                0x0000000000100160                bcopy
                0x0000000000100174                insw
                0x000000000010018a                outsw
                0x00000000001001a0                lidt
 .text          0x00000000001001a8      0x2e5 binaries/ascdate.o
                0x00000000001001a8                ascdate
 .text.__x86.get_pc_thunk.bx
                0x000000000010048d        0x4 binaries/ascdate.o
                0x000000000010048d                __x86.get_pc_thunk.bx
 .text          0x0000000000100491       0x1c binaries/bufinit.o
                0x0000000000100491                bufinit
 .text.__x86.get_pc_thunk.ax
                0x00000000001004ad        0x4 binaries/bufinit.o
                0x00000000001004ad                __x86.get_pc_thunk.ax
 .text          0x00000000001004b1      0x11e binaries/chprio.o
                0x00000000001004b1                chprio
 .text          0x00000000001005cf       0xa1 binaries/clkhandler.o
                0x00000000001005cf                clkhandler
 .text          0x0000000000100670       0x6e binaries/clkinit.o
                0x0000000000100670                clkinit
 .text          0x00000000001006de       0x5c binaries/close.o
                0x00000000001006de                close
 .text          0x000000000010073a        0x0 binaries/conf.o
 .text          0x000000000010073a       0x65 binaries/control.o
                0x000000000010073a                control
 .text          0x000000000010079f      0x24d binaries/create.o
                0x000000000010079f                create
 .text          0x00000000001009ec      0x23b binaries/early_imr.o
                0x00000000001009ec                intel_cln_early_sb_read_reg
                0x0000000000100a53                intel_cln_early_sb_write_reg
                0x0000000000100b12                remove_irm_protections
 .text          0x0000000000100c27      0x375 binaries/evec.o
                0x0000000000100c27                setirmask
                0x0000000000100c78                set_evec
                0x0000000000100cec                initevec
                0x0000000000100dcd                trap
 .text          0x0000000000100f9c       0x91 binaries/freebuf.o
                0x0000000000100f9c                freebuf
 .text          0x000000000010102d      0x123 binaries/freemem.o
                0x000000000010102d                freemem
 .text          0x0000000000101150       0x75 binaries/getbuf.o
                0x0000000000101150                getbuf
 .text          0x00000000001011c5       0x5c binaries/getc.o
                0x00000000001011c5                getc
 .text          0x0000000000101221       0x79 binaries/getdev.o
                0x0000000000101221                getdev
 .text          0x000000000010129a       0xb7 binaries/getitem.o
                0x000000000010129a                getitem
                0x00000000001012d7                getfirst
                0x000000000010130d                getlast
 .text.__x86.get_pc_thunk.dx
                0x0000000000101351        0x4 binaries/getitem.o
                0x0000000000101351                __x86.get_pc_thunk.dx
 .text.__x86.get_pc_thunk.cx
                0x0000000000101355        0x4 binaries/getitem.o
                0x0000000000101355                __x86.get_pc_thunk.cx
 .text          0x0000000000101359       0xce binaries/getmem.o
                0x0000000000101359                getmem
 .text          0x0000000000101427       0x13 binaries/getpid.o
                0x0000000000101427                getpid
 .text          0x000000000010143a       0x76 binaries/getprio.o
                0x000000000010143a                getprio
 .text          0x00000000001014b0       0xc0 binaries/getstk.o
                0x00000000001014b0                getstk
 .text          0x0000000000101570       0x41 binaries/gettime.o
                0x0000000000101570                gettime
 .text          0x00000000001015b1      0x1df binaries/getutime.o
                0x00000000001015b1                getutime
 .text          0x0000000000101790       0x5c binaries/init.o
                0x0000000000101790                init
 .text          0x00000000001017ec      0x2be binaries/initialize.o
                0x00000000001017ec                nulluser
                0x0000000000101a55                stop
                0x0000000000101a87                delay
 .text          0x0000000000101aaa       0xca binaries/insert.o
                0x0000000000101aaa                insert
 .text.__x86.get_pc_thunk.bp
                0x0000000000101b74        0x4 binaries/insert.o
                0x0000000000101b74                __x86.get_pc_thunk.bp
 .text          0x0000000000101b78      0x13f binaries/insertd.o
                0x0000000000101b78                insertd
 .text.__x86.get_pc_thunk.di
                0x0000000000101cb7        0x4 binaries/insertd.o
                0x0000000000101cb7                __x86.get_pc_thunk.di
 .text          0x0000000000101cbb        0x6 binaries/ioerr.o
                0x0000000000101cbb                ioerr
 .text          0x0000000000101cc1        0x6 binaries/ionull.o
                0x0000000000101cc1                ionull
 .text          0x0000000000101cc7      0x1a5 binaries/kill.o
                0x0000000000101cc7                kill
 .text          0x0000000000101e6c       0xe2 binaries/kprintf.o
                0x0000000000101e6c                kputc
                0x0000000000101eaa                console_init
                0x0000000000101eee                kgetc
                0x0000000000101f1d                kprintf
 .text          0x0000000000101f4e      0x6eb binaries/lab3functions.o
                0x0000000000101f4e                insertlockq
                0x0000000000101ff4                swapPriority
                0x000000000010212c                checkUse
                0x0000000000102188                maxWaitQueue
                0x00000000001021e2                resetPrio
                0x000000000010237b                waitLock
                0x000000000010248d                emptyWaitQueue
 .text          0x0000000000102639       0xe4 binaries/lcreate.o
                0x0000000000102639                lcreate
 .text          0x000000000010271d      0x16f binaries/ldelete.o
                0x000000000010271d                ldelete
 .text          0x000000000010288c       0x51 binaries/linit.o
                0x000000000010288c                linit
 .text          0x00000000001028dd      0x200 binaries/lock.o
                0x00000000001028dd                lock
                0x0000000000102acc                max
 .text          0x0000000000102add      0xa63 binaries/main.o
                0x0000000000102add                reader1
                0x0000000000102b8c                writer1
                0x0000000000102c26                loop
                0x0000000000102c7f                test0
                0x0000000000102d82                test1
                0x0000000000102e86                test2
                0x0000000000102f8b                test3
                0x0000000000103084                test4
                0x00000000001031e1                test5
                0x000000000010333f                test6
                0x0000000000103480                main
 .text          0x0000000000103540       0xb3 binaries/mark.o
                0x0000000000103540                markinit
                0x000000000010356f                mark
 .text          0x00000000001035f3      0x22c binaries/meminit.o
                0x00000000001035f3                meminit
                0x0000000000103799                setsegs
 .text          0x000000000010381f      0x14a binaries/mkbufpool.o
                0x000000000010381f                mkbufpool
 .text          0x0000000000103969       0x6c binaries/newqueue.o
                0x0000000000103969                newqueue
 .text          0x00000000001039d5       0x64 binaries/open.o
                0x00000000001039d5                open
 .text          0x0000000000103a39       0x2c binaries/panic.o
                0x0000000000103a39                panic
 .text          0x0000000000103a65      0x280 binaries/pci.o
                0x0000000000103a65                pci_init
                0x0000000000103a6b                find_pci_device
                0x0000000000103b2d                pci_read_config_byte
                0x0000000000103b6a                pci_read_config_word
                0x0000000000103ba9                pci_read_config_dword
                0x0000000000103be6                pci_write_config_byte
                0x0000000000103c21                pci_write_config_word
                0x0000000000103c5d                pci_write_config_dword
                0x0000000000103c98                pci_get_dev_mmio_base_addr
 .text          0x0000000000103ce5       0x68 binaries/platinit.o
                0x0000000000103ce5                platinit
 .text          0x0000000000103d4d       0xab binaries/ptclear.o
                0x0000000000103d4d                _ptclear
 .text          0x0000000000103df8       0x9f binaries/ptcount.o
                0x0000000000103df8                ptcount
 .text          0x0000000000103e97       0xf4 binaries/ptcreate.o
                0x0000000000103e97                ptcreate
 .text          0x0000000000103f8b       0x70 binaries/ptdelete.o
                0x0000000000103f8b                ptdelete
 .text          0x0000000000103ffb       0xa0 binaries/ptinit.o
                0x0000000000103ffb                ptinit
 .text          0x000000000010409b      0x123 binaries/ptrecv.o
                0x000000000010409b                ptrecv
 .text          0x00000000001041be       0x68 binaries/ptreset.o
                0x00000000001041be                ptreset
 .text          0x0000000000104226      0x15c binaries/ptsend.o
                0x0000000000104226                ptsend
 .text          0x0000000000104382       0x6e binaries/putc.o
                0x0000000000104382                putc
 .text          0x00000000001043f0       0xc3 binaries/quark_irq.o
                0x00000000001043f0                quark_irq_routing
 .text          0x00000000001044b3      0x1bb binaries/quark_pdat.o
                0x00000000001044b3                get_quark_pdat_entry_data_by_id
                0x000000000010458c                get_quark_pdat_entry_data_by_desc
 .text          0x000000000010466e       0xe6 binaries/queue.o
                0x000000000010466e                enqueue
                0x00000000001046f0                dequeue
 .text          0x0000000000104754       0x64 binaries/read.o
                0x0000000000104754                read
 .text          0x00000000001047b8       0x81 binaries/ready.o
                0x00000000001047b8                ready
 .text          0x0000000000104839       0x88 binaries/receive.o
                0x0000000000104839                receive
 .text          0x00000000001048c1       0x6b binaries/recvclr.o
                0x00000000001048c1                recvclr
 .text          0x000000000010492c       0xd8 binaries/recvtime.o
                0x000000000010492c                recvtime
 .text          0x0000000000104a04      0x181 binaries/releaseall.o
                0x0000000000104a04                releaseall
 .text          0x0000000000104b85      0x190 binaries/resched.o
                0x0000000000104b85                resched
                0x0000000000104c88                resched_cntl
 .text          0x0000000000104d15       0x9d binaries/resume.o
                0x0000000000104d15                resume
 .text          0x0000000000104db2       0x60 binaries/seek.o
                0x0000000000104db2                seek
 .text          0x0000000000104e12       0x65 binaries/semcount.o
                0x0000000000104e12                semcount
 .text          0x0000000000104e77       0xb5 binaries/semcreate.o
                0x0000000000104e77                semcreate
 .text          0x0000000000104f2c       0xe0 binaries/semdelete.o
                0x0000000000104f2c                semdelete
 .text          0x000000000010500c       0xc0 binaries/semreset.o
                0x000000000010500c                semreset
 .text          0x00000000001050cc       0xda binaries/send.o
                0x00000000001050cc                send
 .text          0x00000000001051a6       0xa9 binaries/signal.o
                0x00000000001051a6                signal
 .text          0x000000000010524f       0xe9 binaries/signaln.o
                0x000000000010524f                signaln
 .text          0x0000000000105338       0xdb binaries/sleep.o
                0x0000000000105338                sleepms
                0x00000000001053dd                sleep
 .text          0x0000000000105413       0xde binaries/suspend.o
                0x0000000000105413                suspend
 .text          0x00000000001054f1       0xbd binaries/unsleep.o
                0x00000000001054f1                unsleep
 .text          0x00000000001055ae       0x22 binaries/userret.o
                0x00000000001055ae                userret
 .text          0x00000000001055d0       0xcd binaries/wait.o
                0x00000000001055d0                wait
 .text          0x000000000010569d       0x9e binaries/wakeup.o
                0x000000000010569d                wakeup
 .text          0x000000000010573b       0x64 binaries/write.o
                0x000000000010573b                write
 .text          0x000000000010579f       0x25 binaries/xdone.o
                0x000000000010579f                xdone
 .text          0x00000000001057c4       0x30 binaries/yield.o
                0x00000000001057c4                yield
 .text          0x00000000001057f4        0xe binaries/abs.o
                0x00000000001057f4                abs
 .text          0x0000000000105802       0x60 binaries/atoi.o
                0x0000000000105802                atoi
 .text          0x0000000000105862       0x60 binaries/atol.o
                0x0000000000105862                atol
 .text          0x00000000001058c2       0x18 binaries/bzero.o
                0x00000000001058c2                bzero
 .text          0x00000000001058da        0x0 binaries/ctype_.o
 .text          0x00000000001058da      0x83f binaries/doprnt.o
                0x0000000000105a50                _doprnt
 .text.__x86.get_pc_thunk.si
                0x0000000000106119        0x4 binaries/doprnt.o
                0x0000000000106119                __x86.get_pc_thunk.si
 .text          0x000000000010611d      0x776 binaries/doscan.o
                0x000000000010611d                _doscan
 .text          0x0000000000106893      0x7a9 binaries/fdoprnt.o
                0x0000000000106919                _fdoprnt
 .text          0x000000000010703c       0x2b binaries/fgetc.o
                0x000000000010703c                fgetc
 .text          0x0000000000107067       0x68 binaries/fgets.o
                0x0000000000107067                fgets
 .text          0x00000000001070cf       0x31 binaries/fprintf.o
                0x00000000001070cf                fprintf
 .text          0x0000000000107100       0x36 binaries/fputc.o
                0x0000000000107100                fputc
 .text          0x0000000000107136       0x45 binaries/fputs.o
                0x0000000000107136                fputs
 .text          0x000000000010717b       0x88 binaries/fscanf.o
                0x00000000001071c2                fscanf
 .text          0x0000000000107203       0x39 binaries/getchar.o
                0x0000000000107203                getchar
 .text          0x000000000010723c        0xe binaries/labs.o
                0x000000000010723c                labs
 .text          0x000000000010724a       0x34 binaries/memchr.o
                0x000000000010724a                memchr
 .text          0x000000000010727e       0x47 binaries/memcmp.o
                0x000000000010727e                memcmp
 .text          0x00000000001072c5       0x25 binaries/memcpy.o
                0x00000000001072c5                memcpy
 .text          0x00000000001072ea       0x1e binaries/memset.o
                0x00000000001072ea                memset
 .text          0x0000000000107308       0x4d binaries/printf.o
                0x0000000000107308                printf
 .text          0x0000000000107355       0x3d binaries/putchar.o
                0x0000000000107355                putchar
 .text          0x0000000000107392      0x22b binaries/qsort.o
                0x0000000000107585                qsort
 .text          0x00000000001075bd       0x3e binaries/rand.o
                0x00000000001075bd                srand
                0x00000000001075d2                rand
 .text          0x00000000001075fb       0x58 binaries/sprintf.o
                0x0000000000107612                sprintf
 .text          0x0000000000107653       0x68 binaries/sscanf.o
                0x000000000010767c                sscanf
 .text          0x00000000001076bb       0x2f binaries/strchr.o
                0x00000000001076bb                strchr
 .text          0x00000000001076ea       0x41 binaries/strcmp.o
                0x00000000001076ea                strcmp
 .text          0x000000000010772b       0x1a binaries/strcpy.o
                0x000000000010772b                strcpy
 .text          0x0000000000107745       0x1c binaries/strlen.o
                0x0000000000107745                strlen
 .text          0x0000000000107761       0x3a binaries/strncat.o
                0x0000000000107761                strncat
 .text          0x000000000010779b       0x36 binaries/strncmp.o
                0x000000000010779b                strncmp
 .text          0x00000000001077d1       0x57 binaries/strncpy.o
                0x00000000001077d1                strncpy
 .text          0x0000000000107828       0x2e binaries/strnlen.o
                0x0000000000107828                strnlen
 .text          0x0000000000107856       0x34 binaries/strrchr.o
                0x0000000000107856                strrchr
 .text          0x000000000010788a       0x75 binaries/strstr.o
                0x000000000010788a                strstr
 .text          0x00000000001078ff      0x164 binaries/ttycontrol.o
                0x00000000001078ff                ttycontrol
 .text          0x0000000000107a63       0xda binaries/ttygetc.o
                0x0000000000107a63                ttygetc
 .text          0x0000000000107b3d      0x4f5 binaries/ttyhandle_in.o
                0x0000000000107bfd                ttyhandle_in
 .text          0x0000000000108032      0x181 binaries/ttyhandle_out.o
                0x0000000000108032                ttyhandle_out
 .text          0x00000000001081b3       0x93 binaries/ttyhandler.o
                0x00000000001081b3                ttyhandler
 .text          0x0000000000108246      0x17a binaries/ttyinit.o
                0x0000000000108246                ttyinit
 .text          0x00000000001083c0        0xc binaries/ttykickout.o
                0x00000000001083c0                ttykickout
 .text          0x00000000001083cc       0xf0 binaries/ttyputc.o
                0x00000000001083cc                ttyputc
 .text          0x00000000001084bc      0x143 binaries/ttyread.o
                0x00000000001084bc                ttyread
 .text          0x00000000001085ff       0x59 binaries/ttywrite.o
                0x00000000001085ff                ttywrite
 .text          0x0000000000108658      0x152 binaries/mount.o
                0x0000000000108658                namlen
                0x000000000010868e                mount
 .text          0x00000000001087aa      0x1f2 binaries/naminit.o
                0x00000000001087aa                naminit
 .text          0x000000000010899c      0x231 binaries/nammap.o
                0x000000000010899c                namrepl
                0x0000000000108ad9                namcpy
                0x0000000000108b24                nammap
 .text          0x0000000000108bcd       0x5b binaries/namopen.o
                0x0000000000108bcd                namopen
 .text          0x0000000000108c28       0xfc binaries/colon2mac.o
                0x0000000000108c28                colon2mac
 .text          0x0000000000108d24       0x8d binaries/ethcontrol.o
                0x0000000000108d24                ethcontrol
 .text          0x0000000000108db1      0x1bc binaries/ethhandler.o
                0x0000000000108db1                ethhandler
 .text          0x0000000000108f6d      0x573 binaries/ethinit.o
                0x0000000000108f6d                eth_phy_read
                0x0000000000108fa8                eth_phy_write
                0x0000000000108fe6                eth_phy_reset
                0x00000000001090bb                ethinit
 .text          0x00000000001094e0      0x10d binaries/ethmcast.o
                0x00000000001094e0                ethmcast_add
                0x0000000000109534                ethmcast_remove
 .text          0x00000000001095ed      0x1d8 binaries/ethread.o
                0x00000000001095ed                ethread
 .text          0x00000000001097c5       0xdf binaries/ethwrite.o
                0x00000000001097c5                ethwrite
 .text          0x00000000001098a4       0x73 binaries/rdsbufalloc.o
                0x00000000001098a4                rdsbufalloc
 .text          0x0000000000109917       0xb7 binaries/rdsclose.o
                0x0000000000109917                rdsclose
 .text          0x00000000001099ce      0x22d binaries/rdscomm.o
                0x00000000001099ce                rdscomm
 .text          0x0000000000109bfb      0x1d8 binaries/rdscontrol.o
                0x0000000000109bfb                rdscontrol
 .text          0x0000000000109dd3      0x201 binaries/rdsinit.o
                0x0000000000109dd3                rdsinit
 .text          0x0000000000109fd4      0x1a4 binaries/rdsopen.o
                0x0000000000109fd4                rdsopen
 .text          0x000000000010a178      0x2e5 binaries/rdsprocess.o
                0x000000000010a178                rdsprocess
 .text          0x000000000010a45d      0x209 binaries/rdsread.o
                0x000000000010a45d                rdsread
 .text          0x000000000010a666      0x1b3 binaries/rdswrite.o
                0x000000000010a666                rdswrite
 .text          0x000000000010a819        0x6 binaries/ramclose.o
                0x000000000010a819                ramclose
 .text          0x000000000010a81f       0x42 binaries/raminit.o
                0x000000000010a81f                raminit
 .text          0x000000000010a861        0x7 binaries/ramopen.o
                0x000000000010a861                ramopen
 .text          0x000000000010a868       0x35 binaries/ramread.o
                0x000000000010a868                ramread
 .text          0x000000000010a89d       0x35 binaries/ramwrite.o
                0x000000000010a89d                ramwrite
 .text          0x000000000010a8d2       0xa3 binaries/lfdballoc.o
                0x000000000010a8d2                lfdballoc
 .text          0x000000000010a975       0x5c binaries/lfdbfree.o
                0x000000000010a975                lfdbfree
 .text          0x000000000010a9d1       0xb5 binaries/lfflush.o
                0x000000000010a9d1                lfflush
 .text          0x000000000010aa86       0x74 binaries/lfgetmode.o
                0x000000000010aa86                lfgetmode
 .text          0x000000000010aafa       0x70 binaries/lfiballoc.o
                0x000000000010aafa                lfiballoc
 .text          0x000000000010ab6a       0x25 binaries/lfibclear.o
                0x000000000010ab6a                lfibclear
 .text          0x000000000010ab8f       0x8f binaries/lfibget.o
                0x000000000010ab8f                lfibget
 .text          0x000000000010ac1e       0xa8 binaries/lfibput.o
                0x000000000010ac1e                lfibput
 .text          0x000000000010acc6       0xc1 binaries/lflclose.o
                0x000000000010acc6                lflclose
 .text          0x000000000010ad87       0xdb binaries/lflcontrol.o
                0x000000000010ad87                lflcontrol
 .text          0x000000000010ae62      0x118 binaries/lflgetc.o
                0x000000000010ae62                lflgetc
 .text          0x000000000010af7a       0xf6 binaries/lflinit.o
                0x000000000010af7a                lflinit
 .text          0x000000000010b070      0x150 binaries/lflputc.o
                0x000000000010b070                lflputc
 .text          0x000000000010b1c0       0x77 binaries/lflread.o
                0x000000000010b1c0                lflread
 .text          0x000000000010b237       0xda binaries/lflseek.o
                0x000000000010b237                lflseek
 .text          0x000000000010b311       0x65 binaries/lflwrite.o
                0x000000000010b311                lflwrite
 .text          0x000000000010b376      0x14f binaries/lfsckfmt.o
                0x000000000010b376                lfsckfmt
 .text          0x000000000010b4c5      0x1d3 binaries/lfscreate.o
                0x000000000010b4c5                lfscreate
 .text          0x000000000010b698      0x1f7 binaries/lfsetup.o
                0x000000000010b698                lfsetup
 .text          0x000000000010b88f       0x52 binaries/lfsinit.o
                0x000000000010b88f                lfsinit
 .text          0x000000000010b8e1      0x33f binaries/lfsopen.o
                0x000000000010b8e1                lfsopen
 .text          0x000000000010bc20      0x151 binaries/lftruncate.o
                0x000000000010bc20                lftruncate
 .text          0x000000000010bd71       0x83 binaries/rflclose.o
                0x000000000010bd71                rflclose
 .text          0x000000000010bdf4       0x38 binaries/rflgetc.o
                0x000000000010bdf4                rflgetc
 .text          0x000000000010be2c       0x80 binaries/rflinit.o
                0x000000000010be2c                rflinit
 .text          0x000000000010beac       0x3b binaries/rflputc.o
                0x000000000010beac                rflputc
 .text          0x000000000010bee7      0x33b binaries/rflread.o
                0x000000000010bee7                rflread
 .text          0x000000000010c222       0x87 binaries/rflseek.o
                0x000000000010c222                rflseek
 .text          0x000000000010c2a9      0x360 binaries/rflwrite.o
                0x000000000010c2a9                rflwrite
 .text          0x000000000010c609      0x1a6 binaries/rfscomm.o
                0x000000000010c609                rfscomm
 .text          0x000000000010c7af      0x27f binaries/rfscontrol.o
                0x000000000010c7af                rfscontrol
 .text          0x000000000010ca2e       0x74 binaries/rfsgetmode.o
                0x000000000010ca2e                rfsgetmode
 .text          0x000000000010caa2       0x98 binaries/rfsinit.o
                0x000000000010caa2                rfsinit
 .text          0x000000000010cb3a       0xca binaries/rfsndmsg.o
                0x000000000010cb3a                rfsndmsg
 .text          0x000000000010cc04      0x286 binaries/rfsopen.o
                0x000000000010cc04                rfsopen
 .text          0x000000000010ce8a      0x6c0 binaries/arp.o
                0x000000000010ce8a                arp_init
                0x000000000010ceb1                arp_alloc
                0x000000000010cf62                arp_ntoh
                0x000000000010cfcc                arp_hton
                0x000000000010d036                arp_resolve
                0x000000000010d2db                arp_in
 .text          0x000000000010d54a      0x5ea binaries/dhcp.o
                0x000000000010d54a                dhcp_get_opt_val
                0x000000000010d59b                dhcp_bld_bootp_msg
                0x000000000010d679                dhcp_bld_disc
                0x000000000010d6c9                dhcp_bld_req
                0x000000000010d76f                getlocalip
 .text          0x000000000010db34       0xc6 binaries/dot2ip.o
                0x000000000010db34                dot2ip
 .text          0x000000000010dbfa      0x3cf binaries/hexdump.o
                0x000000000010dbfa                hexdump
                0x000000000010dd8c                hexadump
 .text          0x000000000010dfc9      0x778 binaries/icmp.o
                0x000000000010dfc9                icmp_init
                0x000000000010dfed                icmp_register
                0x000000000010e0a1                icmp_recv
                0x000000000010e25c                icmp_mkpkt
                0x000000000010e353                icmp_in
                0x000000000010e4f9                icmp_send
                0x000000000010e57c                icmp_release
                0x000000000010e6bf                icmp_cksum
                0x000000000010e719                icmp_hton
                0x000000000010e72d                icmp_ntoh
 .text          0x000000000010e741      0x648 binaries/ip.o
                0x000000000010e741                ip_local
                0x000000000010e78e                ipcksum
                0x000000000010e7dc                ip_ntoh
                0x000000000010e846                ip_in
                0x000000000010e98f                ip_hton
                0x000000000010e9f9                ip_out
                0x000000000010eab9                ip_send
                0x000000000010ebe3                ipout
                0x000000000010ece6                ip_enqueue
 .text          0x000000000010ed89      0x1cc binaries/net.o
                0x000000000010ed89                net_init
                0x000000000010ee97                eth_hton
                0x000000000010eea1                eth_ntoh
                0x000000000010eeab                netin
 .text          0x000000000010ef55       0xd9 binaries/netstart.o
                0x000000000010ef55                netstart
 .text          0x000000000010f02e      0xae9 binaries/pdump.o
                0x000000000010f02e                pdump
                0x000000000010f66b                pdumph
 .text          0x000000000010fb17      0x5ff binaries/tftp.o
                0x000000000010fb17                tftp_send1
                0x000000000010fc39                tftpget_mb
                0x00000000001100ef                tftpget
 .text          0x0000000000110116      0xa9c binaries/udp.o
                0x0000000000110116                udp_init
                0x0000000000110159                udp_in
                0x0000000000110275                udp_register
                0x0000000000110390                udp_recv
                0x0000000000110535                udp_recvaddr
                0x00000000001106ee                udp_send
                0x00000000001108bb                udp_sendto
                0x0000000000110a47                udp_release
                0x0000000000110b8a                udp_ntoh
                0x0000000000110b9e                udp_hton
 .text          0x0000000000110bb2      0x146 binaries/addargs.o
                0x0000000000110bb2                addargs
 .text          0x0000000000110cf8      0x234 binaries/lexan.o
                0x0000000000110cf8                lexan
 .text          0x0000000000110f2c      0x646 binaries/shell.o
                0x0000000000110f2c                shell
 .text          0x0000000000111572       0x6e binaries/xsh_argecho.o
                0x0000000000111572                xsh_argecho
 .text          0x00000000001115e0      0x244 binaries/xsh_arp.o
                0x00000000001115e0                xsh_arp
 .text          0x0000000000111824      0x277 binaries/xsh_cat.o
                0x0000000000111824                xsh_cat
 .text          0x0000000000111a9b       0x71 binaries/xsh_clear.o
                0x0000000000111a9b                xsh_clear
 .text          0x0000000000111b0c      0x2d0 binaries/xsh_date.o
                0x0000000000111b0c                xsh_date
 .text          0x0000000000111ddc       0xab binaries/xsh_devdump.o
                0x0000000000111ddc                xsh_devdump
 .text          0x0000000000111e87       0x77 binaries/xsh_echo.o
                0x0000000000111e87                xsh_echo
 .text          0x0000000000111efe        0x6 binaries/xsh_exit.o
                0x0000000000111efe                xsh_exit
 .text          0x0000000000111f04      0x386 binaries/xsh_help.o
                0x0000000000111f04                xsh_help
 .text          0x000000000011228a      0x396 binaries/xsh_ipaddr.o
                0x000000000011228a                xsh_ipaddr
 .text          0x0000000000112620      0x213 binaries/xsh_kill.o
                0x0000000000112620                xsh_kill
 .text          0x0000000000112833      0x44e binaries/xsh_memdump.o
                0x00000000001128dd                xsh_memdump
 .text          0x0000000000112c81      0x22e binaries/xsh_memstat.o
                0x0000000000112c81                xsh_memstat
 .text          0x0000000000112eaf      0x331 binaries/xsh_ping.o
                0x0000000000112eaf                xsh_ping
 .text          0x00000000001131e0      0x1e1 binaries/xsh_ps.o
                0x00000000001131e0                xsh_ps
 .text          0x00000000001133c1      0x1f2 binaries/xsh_sleep.o
                0x00000000001133c1                xsh_sleep
 .text          0x00000000001135b3      0x21f binaries/xsh_udpdump.o
                0x00000000001135b3                xsh_udpdump
 .text          0x00000000001137d2      0x495 binaries/xsh_udpecho.o
                0x00000000001137d2                xsh_udpecho
 .text          0x0000000000113c67      0x2c2 binaries/xsh_udpeserver.o
                0x0000000000113c67                xsh_udpeserver
 .text          0x0000000000113f29      0x1fa binaries/xsh_uptime.o
                0x0000000000113f29                xsh_uptime
 .text          0x0000000000114123        0xe binaries/clkdisp.o
                0x0000000000114123                clkdisp
 .text          0x0000000000114131       0x19 binaries/ctxsw.o
                0x0000000000114131                ctxsw
 .text          0x000000000011414a      0x368 binaries/intr.o
                0x000000000011414a                disable
                0x0000000000114153                restore
                0x0000000000114161                enable
                0x0000000000114163                pause
                0x000000000011416a                halt
                0x000000000011416d                spurious_irq7
                0x0000000000114172                spurious_irq15
                0x0000000000114181                _Xint0
                0x000000000011418c                _Xint1
                0x0000000000114197                _Xint2
                0x00000000001141a2                _Xint3
                0x00000000001141ad                _Xint4
                0x00000000001141b8                _Xint5
                0x00000000001141c3                _Xint6
                0x00000000001141ce                _Xint7
                0x00000000001141d9                _Xint8
                0x00000000001141e4                _Xint9
                0x00000000001141ef                _Xint10
                0x00000000001141fa                _Xint11
                0x0000000000114208                _Xint12
                0x0000000000114216                _Xint13
                0x0000000000114224                _Xint14
                0x0000000000114232                _Xint15
                0x0000000000114240                _Xint16
                0x000000000011424e                _Xint17
                0x000000000011425c                _Xint18
                0x000000000011426a                _Xint19
                0x0000000000114278                _Xint20
                0x0000000000114286                _Xint21
                0x0000000000114294                _Xint22
                0x00000000001142a2                _Xint23
                0x00000000001142b0                _Xint24
                0x00000000001142be                _Xint25
                0x00000000001142cc                _Xint26
                0x00000000001142da                _Xint27
                0x00000000001142e8                _Xint28
                0x00000000001142f6                _Xint29
                0x0000000000114304                _Xint30
                0x0000000000114312                _Xint31
                0x0000000000114320                _Xint32
                0x000000000011432e                _Xint33
                0x000000000011433c                _Xint34
                0x000000000011434a                _Xint35
                0x0000000000114358                _Xint36
                0x0000000000114366                _Xint37
                0x0000000000114374                _Xint38
                0x0000000000114382                _Xint39
                0x0000000000114390                _Xint40
                0x000000000011439e                _Xint41
                0x00000000001143ac                _Xint42
                0x00000000001143ba                _Xint43
                0x00000000001143c8                _Xint44
                0x00000000001143d6                _Xint45
                0x00000000001143e4                _Xint46
                0x00000000001143f2                defevec
 .text          0x00000000001144b2        0xf binaries/ttydispatch.o
                0x00000000001144b2                ttydispatch
 .text          0x00000000001144c1       0x13 binaries/ethdispatch.o
                0x00000000001144c1                ethdispatch
 *(.rodata .rodata.*)
 .rodata.str1.1
                0x00000000001144d4       0x54 binaries/ascdate.o
 .rodata.str1.4
                0x0000000000114528       0x22 binaries/ascdate.o
 .rodata.str1.1
                0x000000000011454a       0x5f binaries/conf.o
 *fill*         0x00000000001145a9        0x3 
 .rodata.str1.4
                0x00000000001145ac       0x4f binaries/early_imr.o
 *fill*         0x00000000001145fb        0x1 
 .rodata        0x00000000001145fc       0x33 binaries/early_imr.o
 .rodata.str1.1
                0x000000000011462f      0x20c binaries/evec.o
 *fill*         0x000000000011483b        0x1 
 .rodata.str1.4
                0x000000000011483c       0x23 binaries/evec.o
 .rodata.str1.1
                0x000000000011485f        0xb binaries/getutime.o
 *fill*         0x000000000011486a        0x2 
 .rodata.str1.4
                0x000000000011486c       0x54 binaries/getutime.o
 .rodata.str1.1
                0x00000000001148c0       0x63 binaries/initialize.o
                                         0x67 (size before relaxing)
 *fill*         0x0000000000114923        0x1 
 .rodata.str1.4
                0x0000000000114924       0xd4 binaries/initialize.o
 .rodata        0x00000000001149f8       0x20 binaries/kill.o
 .rodata.str1.1
                0x0000000000114a18       0x1c binaries/lcreate.o
 .rodata.str1.4
                0x0000000000114a34      0x2ab binaries/main.o
 .rodata.str1.1
                0x0000000000114cdf      0x24e binaries/main.o
 *fill*         0x0000000000114f2d        0x3 
 .rodata.str1.4
                0x0000000000114f30       0x23 binaries/meminit.o
 .rodata.str1.1
                0x0000000000114f53       0x1b binaries/meminit.o
 .rodata.str1.1
                0x0000000000114f6e        0xf binaries/panic.o
 .rodata.str1.1
                0x0000000000114f7d       0x1c binaries/ptinit.o
 *fill*         0x0000000000114f99        0x3 
 .rodata.str1.4
                0x0000000000114f9c       0x25 binaries/ptsend.o
 .rodata.str1.1
                0x0000000000114fc1       0x22 binaries/quark_pdat.o
 *fill*         0x0000000000114fe3        0x1 
 .rodata.str1.4
                0x0000000000114fe4       0x27 binaries/xdone.o
 *fill*         0x000000000011500b       0x15 
 .rodata        0x0000000000115020       0x81 binaries/ctype_.o
                0x0000000000115020                _ctype_
 .rodata.str1.1
                0x00000000001150a1       0x29 binaries/doprnt.o
 *fill*         0x00000000001150ca        0x2 
 .rodata        0x00000000001150cc       0xc4 binaries/doprnt.o
 .rodata        0x0000000000115190       0x98 binaries/doscan.o
 .rodata.str1.1
                0x0000000000115228       0x29 binaries/fdoprnt.o
 .rodata        0x0000000000115228       0x84 binaries/fdoprnt.o
 .rodata        0x00000000001152ac       0x20 binaries/ttycontrol.o
 .rodata.str1.4
                0x00000000001152cc       0x4c binaries/naminit.o
 .rodata.str1.1
                0x0000000000115318       0x32 binaries/naminit.o
                                         0x35 (size before relaxing)
 .rodata.str1.1
                0x000000000011534a       0x15 binaries/ethinit.o
 *fill*         0x000000000011535f        0x1 
 .rodata.str1.4
                0x0000000000115360       0x2e binaries/ethinit.o
 *fill*         0x000000000011538e        0x2 
 .rodata.str1.4
                0x0000000000115390       0x2c binaries/rdsbufalloc.o
 .rodata.str1.4
                0x00000000001153bc       0x76 binaries/rdscomm.o
 *fill*         0x0000000000115432        0x2 
 .rodata.str1.4
                0x0000000000115434       0x48 binaries/rdscontrol.o
 .rodata.str1.4
                0x000000000011547c       0x7e binaries/rdsinit.o
 .rodata.str1.1
                0x00000000001154fa       0x18 binaries/rdsinit.o
 *fill*         0x0000000000115512        0x2 
 .rodata.str1.4
                0x0000000000115514       0x22 binaries/rdsopen.o
 *fill*         0x0000000000115536        0x2 
 .rodata.str1.4
                0x0000000000115538       0x4d binaries/rdsprocess.o
 .rodata.str1.1
                0x0000000000115585        0x9 binaries/raminit.o
 .rodata.str1.1
                0x000000000011558e       0x13 binaries/lfdballoc.o
 *fill*         0x00000000001155a1        0x3 
 .rodata.str1.4
                0x00000000001155a4       0x23 binaries/lfdballoc.o
 .rodata.str1.1
                0x00000000001155c7       0x14 binaries/lfiballoc.o
 *fill*         0x00000000001155db        0x1 
 .rodata.str1.4
                0x00000000001155dc       0x23 binaries/lflcontrol.o
 .rodata.str1.1
                0x00000000001155ff       0x64 binaries/lfsckfmt.o
 *fill*         0x0000000000115663        0x1 
 .rodata.str1.4
                0x0000000000115664       0x51 binaries/lfsckfmt.o
 *fill*         0x00000000001156b5        0x3 
 .rodata.str1.4
                0x00000000001156b8       0x21 binaries/rflread.o
 .rodata.str1.4
                0x00000000001156d9       0x21 binaries/rflwrite.o
 *fill*         0x00000000001156d9        0x3 
 .rodata.str1.4
                0x00000000001156dc       0x75 binaries/rfscomm.o
 *fill*         0x0000000000115751        0x3 
 .rodata.str1.4
                0x0000000000115754       0x23 binaries/rfscontrol.o
 *fill*         0x0000000000115777        0x1 
 .rodata        0x0000000000115778       0x18 binaries/rfscontrol.o
 .rodata.str1.1
                0x0000000000115790       0x10 binaries/rfsinit.o
 .rodata.str1.4
                0x0000000000115790       0x57 binaries/rfsinit.o
 *fill*         0x00000000001157e7        0x1 
 .rodata.str1.4
                0x00000000001157e8       0x2a binaries/rfsndmsg.o
 .rodata.str1.4
                0x0000000000115812       0x22 binaries/rfsopen.o
 .rodata.str1.1
                0x0000000000115812       0x19 binaries/arp.o
 *fill*         0x000000000011582b        0x1 
 .rodata.str1.4
                0x000000000011582c       0x21 binaries/arp.o
 *fill*         0x000000000011584d        0x3 
 .rodata.str1.4
                0x0000000000115850       0xa6 binaries/dhcp.o
 .rodata.str1.1
                0x00000000001158f6       0x4a binaries/dhcp.o
 .rodata.str1.1
                0x0000000000115940       0x5a binaries/hexdump.o
                                         0x61 (size before relaxing)
 *fill*         0x000000000011599a        0x2 
 .rodata.str1.4
                0x000000000011599c       0x67 binaries/hexdump.o
 *fill*         0x0000000000115a03        0x1 
 .rodata.str1.4
                0x0000000000115a04       0x29 binaries/icmp.o
 .rodata.str1.1
                0x0000000000115a2d       0x4e binaries/ip.o
 *fill*         0x0000000000115a7b        0x1 
 .rodata.str1.4
                0x0000000000115a7c       0x20 binaries/ip.o
 .rodata.str1.4
                0x0000000000115a9c       0x28 binaries/net.o
 .rodata.str1.1
                0x0000000000115ac4       0x27 binaries/net.o
 *fill*         0x0000000000115aeb        0x1 
 .rodata.str1.4
                0x0000000000115aec       0xcf binaries/netstart.o
 .rodata.str1.1
                0x0000000000115bbb      0x141 binaries/pdump.o
                                        0x14b (size before relaxing)
 .rodata.str1.4
                0x0000000000115cfc      0x126 binaries/pdump.o
 *fill*         0x0000000000115e22        0x2 
 .rodata.str1.4
                0x0000000000115e24      0x148 binaries/tftp.o
 .rodata.str1.1
                0x0000000000115f6c        0x6 binaries/tftp.o
                                          0xa (size before relaxing)
 .rodata.str1.1
                0x0000000000115f72       0xe3 binaries/shell.o
                                         0xff (size before relaxing)
 *fill*         0x0000000000116055        0x3 
 .rodata.str1.4
                0x0000000000116058      0x1c4 binaries/shell.o
 .rodata.str1.1
                0x000000000011621c       0x26 binaries/xsh_argecho.o
                                         0x28 (size before relaxing)
 .rodata.str1.1
                0x0000000000116242       0x70 binaries/xsh_arp.o
                                         0x72 (size before relaxing)
 *fill*         0x00000000001162b2        0x2 
 .rodata.str1.4
                0x00000000001162b4       0xb4 binaries/xsh_arp.o
 .rodata.str1.1
                0x0000000000116368       0x2d binaries/xsh_cat.o
                                         0x4f (size before relaxing)
 *fill*         0x0000000000116395        0x3 
 .rodata.str1.4
                0x0000000000116398       0x52 binaries/xsh_cat.o
                                         0x79 (size before relaxing)
 .rodata.str1.1
                0x00000000001163ea       0x15 binaries/xsh_clear.o
 .rodata.str1.1
                0x00000000001163ff       0x46 binaries/xsh_date.o
                                         0x5f (size before relaxing)
 *fill*         0x0000000000116445        0x3 
 .rodata.str1.4
                0x0000000000116448      0x163 binaries/xsh_date.o
 .rodata.str1.1
                0x00000000001165ab       0x5d binaries/xsh_devdump.o
 .rodata.str1.1
                0x0000000000116608        0x4 binaries/xsh_echo.o
                                          0x9 (size before relaxing)
 .rodata.str1.1
                0x000000000011660c       0x65 binaries/xsh_help.o
                                         0xa3 (size before relaxing)
 *fill*         0x0000000000116671        0x3 
 .rodata.str1.4
                0x0000000000116674       0x7c binaries/xsh_help.o
                                         0xc6 (size before relaxing)
 .rodata.str1.1
                0x00000000001166f0       0x9c binaries/xsh_ipaddr.o
                                         0xf8 (size before relaxing)
 .rodata.str1.4
                0x000000000011678c       0x4d binaries/xsh_ipaddr.o
                                         0x99 (size before relaxing)
 .rodata.str1.1
                0x00000000001167d9       0x78 binaries/xsh_kill.o
                                         0x97 (size before relaxing)
 *fill*         0x0000000000116851        0x3 
 .rodata.str1.4
                0x0000000000116854       0x4a binaries/xsh_kill.o
                                         0x96 (size before relaxing)
 .rodata.str1.1
                0x000000000011689e       0x84 binaries/xsh_memdump.o
                                         0xa8 (size before relaxing)
 *fill*         0x0000000000116922        0x2 
 .rodata.str1.4
                0x0000000000116924      0x15a binaries/xsh_memdump.o
                                        0x1aa (size before relaxing)
 .rodata.str1.1
                0x0000000000116a7e       0x40 binaries/xsh_memstat.o
                                         0x79 (size before relaxing)
 *fill*         0x0000000000116abe        0x2 
 .rodata.str1.4
                0x0000000000116ac0      0x187 binaries/xsh_memstat.o
                                        0x1af (size before relaxing)
 .rodata.str1.1
                0x0000000000116c47       0x90 binaries/xsh_ping.o
                                         0xaf (size before relaxing)
 *fill*         0x0000000000116cd7        0x1 
 .rodata.str1.4
                0x0000000000116cd8       0x77 binaries/xsh_ping.o
                                         0xc6 (size before relaxing)
 .rodata.str1.1
                0x0000000000116d4f       0x74 binaries/xsh_ps.o
                                         0xd5 (size before relaxing)
 *fill*         0x0000000000116dc3        0x1 
 .rodata.str1.4
                0x0000000000116dc4       0x80 binaries/xsh_ps.o
                                         0xd0 (size before relaxing)
 .rodata.str1.1
                0x0000000000116e44       0x31 binaries/xsh_sleep.o
                                         0x72 (size before relaxing)
 *fill*         0x0000000000116e75        0x3 
 .rodata.str1.4
                0x0000000000116e78       0x2a binaries/xsh_sleep.o
                                         0x7a (size before relaxing)
 .rodata.str1.1
                0x0000000000116ea2       0x6b binaries/xsh_udpdump.o
                                         0xd2 (size before relaxing)
 *fill*         0x0000000000116f0d        0x3 
 .rodata.str1.4
                0x0000000000116f10       0x94 binaries/xsh_udpdump.o
                                         0xe4 (size before relaxing)
 .rodata.str1.1
                0x0000000000116fa4       0xdb binaries/xsh_udpecho.o
                                         0xfa (size before relaxing)
 *fill*         0x000000000011707f        0x1 
 .rodata.str1.4
                0x0000000000117080       0xc7 binaries/xsh_udpecho.o
                                        0x116 (size before relaxing)
 .rodata.str1.1
                0x0000000000117147       0x66 binaries/xsh_udpeserver.o
                                         0x8f (size before relaxing)
 *fill*         0x00000000001171ad        0x3 
 .rodata.str1.4
                0x00000000001171b0       0x29 binaries/xsh_udpeserver.o
                                         0x9f (size before relaxing)
 .rodata.str1.1
                0x00000000001171d9       0x49 binaries/xsh_uptime.o
                                         0x8c (size before relaxing)
 *fill*         0x0000000000117222        0x2 
 .rodata.str1.4
                0x0000000000117224       0x28 binaries/xsh_uptime.o
                                         0x76 (size before relaxing)
                0x000000000011724c                etext = ABSOLUTE (.)
                0x0000000000118000                . = ALIGN (0x1000)
 *fill*         0x000000000011724c      0xdb4 

.eh_frame       0x0000000000118000     0x7a14
 .eh_frame      0x0000000000118000       0x98 binaries/ascdate.o
 .eh_frame      0x0000000000118098       0x28 binaries/bufinit.o
                                         0x40 (size before relaxing)
 .eh_frame      0x00000000001180c0       0x60 binaries/chprio.o
                                         0x8c (size before relaxing)
 .eh_frame      0x0000000000118120       0x30 binaries/clkhandler.o
                                         0x5c (size before relaxing)
 .eh_frame      0x0000000000118150       0x44 binaries/clkinit.o
                                         0x70 (size before relaxing)
 .eh_frame      0x0000000000118194       0x44 binaries/close.o
                                         0x70 (size before relaxing)
 .eh_frame      0x00000000001181d8       0x48 binaries/control.o
                                         0x74 (size before relaxing)
 .eh_frame      0x0000000000118220       0x5c binaries/create.o
                                         0x88 (size before relaxing)
 .eh_frame      0x000000000011827c      0x164 binaries/early_imr.o
                                        0x190 (size before relaxing)
 .eh_frame      0x00000000001183e0      0x1f8 binaries/evec.o
                                        0x224 (size before relaxing)
 .eh_frame      0x00000000001185d8       0x58 binaries/freebuf.o
                                         0x84 (size before relaxing)
 .eh_frame      0x0000000000118630       0x5c binaries/freemem.o
                                         0x88 (size before relaxing)
 .eh_frame      0x000000000011868c       0x50 binaries/getbuf.o
                                         0x7c (size before relaxing)
 .eh_frame      0x00000000001186dc       0x44 binaries/getc.o
                                         0x70 (size before relaxing)
 .eh_frame      0x0000000000118720       0x60 binaries/getdev.o
                                         0x8c (size before relaxing)
 .eh_frame      0x0000000000118780       0x7c binaries/getitem.o
                                         0x94 (size before relaxing)
 .eh_frame      0x00000000001187fc       0x54 binaries/getmem.o
                                         0x80 (size before relaxing)
 .eh_frame      0x0000000000118850       0x14 binaries/getpid.o
                                         0x40 (size before relaxing)
 .eh_frame      0x0000000000118864       0x40 binaries/getprio.o
                                         0x6c (size before relaxing)
 .eh_frame      0x00000000001188a4       0x5c binaries/getstk.o
                                         0x88 (size before relaxing)
 .eh_frame      0x0000000000118900       0x2c binaries/gettime.o
                                         0x58 (size before relaxing)
 .eh_frame      0x000000000011892c       0x98 binaries/getutime.o
                                         0xc4 (size before relaxing)
 .eh_frame      0x00000000001189c4       0x44 binaries/init.o
                                         0x70 (size before relaxing)
 .eh_frame      0x0000000000118a08       0xe0 binaries/initialize.o
                                        0x10c (size before relaxing)
 .eh_frame      0x0000000000118ae8       0x54 binaries/insert.o
                                         0x6c (size before relaxing)
 .eh_frame      0x0000000000118b3c       0x54 binaries/insertd.o
                                         0x6c (size before relaxing)
 .eh_frame      0x0000000000118b90       0x14 binaries/ioerr.o
                                         0x2c (size before relaxing)
 .eh_frame      0x0000000000118ba4       0x14 binaries/ionull.o
                                         0x2c (size before relaxing)
 .eh_frame      0x0000000000118bb8       0x78 binaries/kill.o
                                         0xa4 (size before relaxing)
 .eh_frame      0x0000000000118c30       0x90 binaries/kprintf.o
                                         0xd0 (size before relaxing)
 .eh_frame      0x0000000000118cc0      0x1e0 binaries/lab3functions.o
                                        0x25c (size before relaxing)
 .eh_frame      0x0000000000118ea0       0x5c binaries/lcreate.o
                                         0x88 (size before relaxing)
 .eh_frame      0x0000000000118efc       0x64 binaries/ldelete.o
                                         0x90 (size before relaxing)
 .eh_frame      0x0000000000118f60       0x30 binaries/linit.o
                                         0x5c (size before relaxing)
 .eh_frame      0x0000000000118f90       0x90 binaries/lock.o
                                         0xbc (size before relaxing)
 .eh_frame      0x0000000000119020      0x714 binaries/main.o
                                        0x740 (size before relaxing)
 .eh_frame      0x0000000000119734       0x64 binaries/mark.o
                                         0x90 (size before relaxing)
 .eh_frame      0x0000000000119798       0x80 binaries/meminit.o
                                         0xac (size before relaxing)
 .eh_frame      0x0000000000119818       0x78 binaries/mkbufpool.o
                                         0xa4 (size before relaxing)
 .eh_frame      0x0000000000119890       0x24 binaries/newqueue.o
                                         0x50 (size before relaxing)
 .eh_frame      0x00000000001198b4       0x48 binaries/open.o
                                         0x74 (size before relaxing)
 .eh_frame      0x00000000001198fc       0x28 binaries/panic.o
                                         0x54 (size before relaxing)
 .eh_frame      0x0000000000119924       0xf4 binaries/pci.o
                                        0x10c (size before relaxing)
 .eh_frame      0x0000000000119a18       0x40 binaries/platinit.o
                                         0x6c (size before relaxing)
 .eh_frame      0x0000000000119a58       0x6c binaries/ptclear.o
                                         0x98 (size before relaxing)
 .eh_frame      0x0000000000119ac4       0x64 binaries/ptcount.o
                                         0x90 (size before relaxing)
 .eh_frame      0x0000000000119b28       0x60 binaries/ptcreate.o
                                         0x8c (size before relaxing)
 .eh_frame      0x0000000000119b88       0x48 binaries/ptdelete.o
                                         0x74 (size before relaxing)
 .eh_frame      0x0000000000119bd0       0x44 binaries/ptinit.o
                                         0x70 (size before relaxing)
 .eh_frame      0x0000000000119c14       0x64 binaries/ptrecv.o
                                         0x90 (size before relaxing)
 .eh_frame      0x0000000000119c78       0x48 binaries/ptreset.o
                                         0x74 (size before relaxing)
 .eh_frame      0x0000000000119cc0       0x70 binaries/ptsend.o
                                         0x9c (size before relaxing)
 .eh_frame      0x0000000000119d30       0x54 binaries/putc.o
                                         0x80 (size before relaxing)
 .eh_frame      0x0000000000119d84       0x6c binaries/quark_irq.o
                                         0x98 (size before relaxing)
 .eh_frame      0x0000000000119df0       0xe8 binaries/quark_pdat.o
                                        0x114 (size before relaxing)
 .eh_frame      0x0000000000119ed8       0x5c binaries/queue.o
                                         0x88 (size before relaxing)
 .eh_frame      0x0000000000119f34       0x48 binaries/read.o
                                         0x74 (size before relaxing)
 .eh_frame      0x0000000000119f7c       0x34 binaries/ready.o
                                         0x60 (size before relaxing)
 .eh_frame      0x0000000000119fb0       0x50 binaries/receive.o
                                         0x7c (size before relaxing)
 .eh_frame      0x000000000011a000       0x38 binaries/recvclr.o
                                         0x64 (size before relaxing)
 .eh_frame      0x000000000011a038       0x60 binaries/recvtime.o
                                         0x8c (size before relaxing)
 .eh_frame      0x000000000011a098       0x58 binaries/releaseall.o
                                         0x84 (size before relaxing)
 .eh_frame      0x000000000011a0f0       0x78 binaries/resched.o
                                         0xb8 (size before relaxing)
 .eh_frame      0x000000000011a168       0x5c binaries/resume.o
                                         0x88 (size before relaxing)
 .eh_frame      0x000000000011a1c4       0x44 binaries/seek.o
                                         0x70 (size before relaxing)
 .eh_frame      0x000000000011a208       0x40 binaries/semcount.o
                                         0x6c (size before relaxing)
 .eh_frame      0x000000000011a248       0x54 binaries/semcreate.o
                                         0x80 (size before relaxing)
 .eh_frame      0x000000000011a29c       0x6c binaries/semdelete.o
                                         0x98 (size before relaxing)
 .eh_frame      0x000000000011a308       0x6c binaries/semreset.o
                                         0x98 (size before relaxing)
 .eh_frame      0x000000000011a374       0x60 binaries/send.o
                                         0x8c (size before relaxing)
 .eh_frame      0x000000000011a3d4       0x54 binaries/signal.o
                                         0x80 (size before relaxing)
 .eh_frame      0x000000000011a428       0x70 binaries/signaln.o
                                         0x9c (size before relaxing)
 .eh_frame      0x000000000011a498       0x80 binaries/sleep.o
                                         0xac (size before relaxing)
 .eh_frame      0x000000000011a518       0x54 binaries/suspend.o
                                         0x80 (size before relaxing)
 .eh_frame      0x000000000011a56c       0x5c binaries/unsleep.o
                                         0x88 (size before relaxing)
 .eh_frame      0x000000000011a5c8       0x28 binaries/userret.o
                                         0x54 (size before relaxing)
 .eh_frame      0x000000000011a5f0       0x58 binaries/wait.o
                                         0x84 (size before relaxing)
 .eh_frame      0x000000000011a648       0x48 binaries/wakeup.o
                                         0x74 (size before relaxing)
 .eh_frame      0x000000000011a690       0x48 binaries/write.o
                                         0x74 (size before relaxing)
 .eh_frame      0x000000000011a6d8       0x24 binaries/xdone.o
                                         0x50 (size before relaxing)
 .eh_frame      0x000000000011a6fc       0x30 binaries/yield.o
                                         0x5c (size before relaxing)
 .eh_frame      0x000000000011a72c       0x14 binaries/abs.o
                                         0x2c (size before relaxing)
 .eh_frame      0x000000000011a740       0x28 binaries/atoi.o
                                         0x40 (size before relaxing)
 .eh_frame      0x000000000011a768       0x28 binaries/atol.o
                                         0x40 (size before relaxing)
 .eh_frame      0x000000000011a790       0x14 binaries/bzero.o
                                         0x2c (size before relaxing)
 .eh_frame      0x000000000011a7a4      0x174 binaries/doprnt.o
                                        0x1a0 (size before relaxing)
 .eh_frame      0x000000000011a918      0x108 binaries/doscan.o
                                        0x134 (size before relaxing)
 .eh_frame      0x000000000011aa20      0x114 binaries/fdoprnt.o
                                        0x140 (size before relaxing)
 .eh_frame      0x000000000011ab34       0x2c binaries/fgetc.o
                                         0x58 (size before relaxing)
 .eh_frame      0x000000000011ab60       0x48 binaries/fgets.o
                                         0x74 (size before relaxing)
 .eh_frame      0x000000000011aba8       0x2c binaries/fprintf.o
                                         0x58 (size before relaxing)
 .eh_frame      0x000000000011abd4       0x2c binaries/fputc.o
                                         0x58 (size before relaxing)
 .eh_frame      0x000000000011ac00       0x3c binaries/fputs.o
                                         0x68 (size before relaxing)
 .eh_frame      0x000000000011ac3c       0x7c binaries/fscanf.o
                                         0xa8 (size before relaxing)
 .eh_frame      0x000000000011acb8       0x24 binaries/getchar.o
                                         0x50 (size before relaxing)
 .eh_frame      0x000000000011acdc       0x14 binaries/labs.o
                                         0x2c (size before relaxing)
 .eh_frame      0x000000000011acf0       0x14 binaries/memchr.o
                                         0x2c (size before relaxing)
 .eh_frame      0x000000000011ad04       0x28 binaries/memcmp.o
                                         0x40 (size before relaxing)
 .eh_frame      0x000000000011ad2c       0x24 binaries/memcpy.o
                                         0x3c (size before relaxing)
 .eh_frame      0x000000000011ad50       0x1c binaries/memset.o
                                         0x34 (size before relaxing)
 .eh_frame      0x000000000011ad6c       0x2c binaries/printf.o
                                         0x58 (size before relaxing)
 .eh_frame      0x000000000011ad98       0x28 binaries/putchar.o
                                         0x54 (size before relaxing)
 .eh_frame      0x000000000011adc0       0xc8 binaries/qsort.o
                                        0x11c (size before relaxing)
 .eh_frame      0x000000000011ae88       0x28 binaries/rand.o
                                         0x68 (size before relaxing)
 .eh_frame      0x000000000011aeb0       0x54 binaries/sprintf.o
                                         0x80 (size before relaxing)
 .eh_frame      0x000000000011af04       0x5c binaries/sscanf.o
                                         0x88 (size before relaxing)
 .eh_frame      0x000000000011af60       0x20 binaries/strchr.o
                                         0x38 (size before relaxing)
 .eh_frame      0x000000000011af80       0x20 binaries/strcmp.o
                                         0x38 (size before relaxing)
 .eh_frame      0x000000000011afa0       0x14 binaries/strcpy.o
                                         0x2c (size before relaxing)
 .eh_frame      0x000000000011afb4       0x14 binaries/strlen.o
                                         0x2c (size before relaxing)
 .eh_frame      0x000000000011afc8       0x2c binaries/strncat.o
                                         0x44 (size before relaxing)
 .eh_frame      0x000000000011aff4       0x1c binaries/strncmp.o
                                         0x34 (size before relaxing)
 .eh_frame      0x000000000011b010       0x30 binaries/strncpy.o
                                         0x48 (size before relaxing)
 .eh_frame      0x000000000011b040       0x14 binaries/strnlen.o
                                         0x2c (size before relaxing)
 .eh_frame      0x000000000011b054       0x20 binaries/strrchr.o
                                         0x38 (size before relaxing)
 .eh_frame      0x000000000011b074       0x3c binaries/strstr.o
                                         0x54 (size before relaxing)
 .eh_frame      0x000000000011b0b0       0x58 binaries/ttycontrol.o
                                         0x84 (size before relaxing)
 .eh_frame      0x000000000011b108       0x44 binaries/ttygetc.o
                                         0x70 (size before relaxing)
 .eh_frame      0x000000000011b14c       0xe0 binaries/ttyhandle_in.o
                                        0x10c (size before relaxing)
 .eh_frame      0x000000000011b22c       0x68 binaries/ttyhandle_out.o
                                         0x94 (size before relaxing)
 .eh_frame      0x000000000011b294       0x5c binaries/ttyhandler.o
                                         0x88 (size before relaxing)
 .eh_frame      0x000000000011b2f0       0x4c binaries/ttyinit.o
                                         0x78 (size before relaxing)
 .eh_frame      0x000000000011b33c       0x14 binaries/ttykickout.o
                                         0x2c (size before relaxing)
 .eh_frame      0x000000000011b350       0x64 binaries/ttyputc.o
                                         0x90 (size before relaxing)
 .eh_frame      0x000000000011b3b4       0x64 binaries/ttyread.o
                                         0x90 (size before relaxing)
 .eh_frame      0x000000000011b418       0x4c binaries/ttywrite.o
                                         0x78 (size before relaxing)
 .eh_frame      0x000000000011b464       0x7c binaries/mount.o
                                         0xa8 (size before relaxing)
 .eh_frame      0x000000000011b4e0       0xe4 binaries/naminit.o
                                        0x110 (size before relaxing)
 .eh_frame      0x000000000011b5c4       0xf0 binaries/nammap.o
                                        0x130 (size before relaxing)
 .eh_frame      0x000000000011b6b4       0x48 binaries/namopen.o
                                         0x74 (size before relaxing)
 .eh_frame      0x000000000011b6fc       0x3c binaries/colon2mac.o
                                         0x68 (size before relaxing)
 .eh_frame      0x000000000011b738       0x4c binaries/ethcontrol.o
                                         0x78 (size before relaxing)
 .eh_frame      0x000000000011b784       0x58 binaries/ethhandler.o
                                         0x84 (size before relaxing)
 .eh_frame      0x000000000011b7dc      0x154 binaries/ethinit.o
                                        0x180 (size before relaxing)
 .eh_frame      0x000000000011b930       0xa8 binaries/ethmcast.o
                                         0xd4 (size before relaxing)
 .eh_frame      0x000000000011b9d8       0x80 binaries/ethread.o
                                         0xac (size before relaxing)
 .eh_frame      0x000000000011ba58       0x48 binaries/ethwrite.o
                                         0x74 (size before relaxing)
 .eh_frame      0x000000000011baa0       0x3c binaries/rdsbufalloc.o
                                         0x68 (size before relaxing)
 .eh_frame      0x000000000011badc       0x3c binaries/rdsclose.o
                                         0x68 (size before relaxing)
 .eh_frame      0x000000000011bb18       0x90 binaries/rdscomm.o
                                         0xbc (size before relaxing)
 .eh_frame      0x000000000011bba8       0xb4 binaries/rdscontrol.o
                                         0xe0 (size before relaxing)
 .eh_frame      0x000000000011bc5c       0x9c binaries/rdsinit.o
                                         0xc8 (size before relaxing)
 .eh_frame      0x000000000011bcf8       0x80 binaries/rdsopen.o
                                         0xac (size before relaxing)
 .eh_frame      0x000000000011bd78       0xf8 binaries/rdsprocess.o
                                        0x124 (size before relaxing)
 .eh_frame      0x000000000011be70       0x7c binaries/rdsread.o
                                         0xa8 (size before relaxing)
 .eh_frame      0x000000000011beec       0x80 binaries/rdswrite.o
                                         0xac (size before relaxing)
 .eh_frame      0x000000000011bf6c       0x14 binaries/ramclose.o
                                         0x2c (size before relaxing)
 .eh_frame      0x000000000011bf80       0x40 binaries/raminit.o
                                         0x6c (size before relaxing)
 .eh_frame      0x000000000011bfc0       0x14 binaries/ramopen.o
                                         0x2c (size before relaxing)
 .eh_frame      0x000000000011bfd4       0x2c binaries/ramread.o
                                         0x58 (size before relaxing)
 .eh_frame      0x000000000011c000       0x2c binaries/ramwrite.o
                                         0x58 (size before relaxing)
 .eh_frame      0x000000000011c02c       0x80 binaries/lfdballoc.o
                                         0xac (size before relaxing)
 .eh_frame      0x000000000011c0ac       0x50 binaries/lfdbfree.o
                                         0x7c (size before relaxing)
 .eh_frame      0x000000000011c0fc       0x5c binaries/lfflush.o
                                         0x88 (size before relaxing)
 .eh_frame      0x000000000011c158       0x14 binaries/lfgetmode.o
                                         0x2c (size before relaxing)
 .eh_frame      0x000000000011c16c       0x5c binaries/lfiballoc.o
                                         0x88 (size before relaxing)
 .eh_frame      0x000000000011c1c8       0x14 binaries/lfibclear.o
                                         0x2c (size before relaxing)
 .eh_frame      0x000000000011c1dc       0x4c binaries/lfibget.o
                                         0x78 (size before relaxing)
 .eh_frame      0x000000000011c228       0x68 binaries/lfibput.o
                                         0x94 (size before relaxing)
 .eh_frame      0x000000000011c290       0x54 binaries/lflclose.o
                                         0x80 (size before relaxing)
 .eh_frame      0x000000000011c2e4       0x74 binaries/lflcontrol.o
                                         0xa0 (size before relaxing)
 .eh_frame      0x000000000011c358       0x6c binaries/lflgetc.o
                                         0x98 (size before relaxing)
 .eh_frame      0x000000000011c3c4       0x5c binaries/lflinit.o
                                         0x88 (size before relaxing)
 .eh_frame      0x000000000011c420       0x6c binaries/lflputc.o
                                         0x98 (size before relaxing)
 .eh_frame      0x000000000011c48c       0x48 binaries/lflread.o
                                         0x74 (size before relaxing)
 .eh_frame      0x000000000011c4d4       0x60 binaries/lflseek.o
                                         0x8c (size before relaxing)
 .eh_frame      0x000000000011c534       0x48 binaries/lflwrite.o
                                         0x74 (size before relaxing)
 .eh_frame      0x000000000011c57c       0xd4 binaries/lfsckfmt.o
                                        0x100 (size before relaxing)
 .eh_frame      0x000000000011c650       0xd4 binaries/lfscreate.o
                                        0x100 (size before relaxing)
 .eh_frame      0x000000000011c724       0xbc binaries/lfsetup.o
                                         0xe8 (size before relaxing)
 .eh_frame      0x000000000011c7e0       0x38 binaries/lfsinit.o
                                         0x64 (size before relaxing)
 .eh_frame      0x000000000011c818       0x90 binaries/lfsopen.o
                                         0xbc (size before relaxing)
 .eh_frame      0x000000000011c8a8       0x84 binaries/lftruncate.o
                                         0xb0 (size before relaxing)
 .eh_frame      0x000000000011c92c       0x3c binaries/rflclose.o
                                         0x68 (size before relaxing)
 .eh_frame      0x000000000011c968       0x30 binaries/rflgetc.o
                                         0x5c (size before relaxing)
 .eh_frame      0x000000000011c998       0x30 binaries/rflinit.o
                                         0x5c (size before relaxing)
 .eh_frame      0x000000000011c9c8       0x30 binaries/rflputc.o
                                         0x5c (size before relaxing)
 .eh_frame      0x000000000011c9f8       0xdc binaries/rflread.o
                                        0x108 (size before relaxing)
 .eh_frame      0x000000000011cad4       0x3c binaries/rflseek.o
                                         0x68 (size before relaxing)
 .eh_frame      0x000000000011cb10       0xd0 binaries/rflwrite.o
                                         0xfc (size before relaxing)
 .eh_frame      0x000000000011cbe0       0x88 binaries/rfscomm.o
                                         0xb4 (size before relaxing)
 .eh_frame      0x000000000011cc68      0x11c binaries/rfscontrol.o
                                        0x148 (size before relaxing)
 .eh_frame      0x000000000011cd84       0x14 binaries/rfsgetmode.o
                                         0x2c (size before relaxing)
 .eh_frame      0x000000000011cd98       0x50 binaries/rfsinit.o
                                         0x7c (size before relaxing)
 .eh_frame      0x000000000011cde8       0x50 binaries/rfsndmsg.o
                                         0x7c (size before relaxing)
 .eh_frame      0x000000000011ce38       0xdc binaries/rfsopen.o
                                        0x108 (size before relaxing)
 .eh_frame      0x000000000011cf14      0x27c binaries/arp.o
                                        0x2bc (size before relaxing)
 .eh_frame      0x000000000011d190      0x284 binaries/dhcp.o
                                        0x2b0 (size before relaxing)
 .eh_frame      0x000000000011d414       0x40 binaries/dot2ip.o
                                         0x58 (size before relaxing)
 .eh_frame      0x000000000011d454      0x1bc binaries/hexdump.o
                                        0x1e8 (size before relaxing)
 .eh_frame      0x000000000011d610      0x310 binaries/icmp.o
                                        0x350 (size before relaxing)
 .eh_frame      0x000000000011d920      0x2e8 binaries/ip.o
                                        0x314 (size before relaxing)
 .eh_frame      0x000000000011dc08      0x138 binaries/net.o
                                        0x164 (size before relaxing)
 .eh_frame      0x000000000011dd40       0x74 binaries/netstart.o
                                         0xa0 (size before relaxing)
 .eh_frame      0x000000000011ddb4      0x394 binaries/pdump.o
                                        0x3c0 (size before relaxing)
 .eh_frame      0x000000000011e148      0x260 binaries/tftp.o
                                        0x28c (size before relaxing)
 .eh_frame      0x000000000011e3a8      0x36c binaries/udp.o
                                        0x3ac (size before relaxing)
 .eh_frame      0x000000000011e714       0x68 binaries/addargs.o
                                         0x94 (size before relaxing)
 .eh_frame      0x000000000011e77c       0x40 binaries/lexan.o
                                         0x58 (size before relaxing)
 .eh_frame      0x000000000011e7bc      0x24c binaries/shell.o
                                        0x278 (size before relaxing)
 .eh_frame      0x000000000011ea08       0x5c binaries/xsh_argecho.o
                                         0x88 (size before relaxing)
 .eh_frame      0x000000000011ea64       0xe0 binaries/xsh_arp.o
                                        0x10c (size before relaxing)
 .eh_frame      0x000000000011eb44       0xb0 binaries/xsh_cat.o
                                         0xdc (size before relaxing)
 .eh_frame      0x000000000011ebf4       0x3c binaries/xsh_clear.o
                                         0x68 (size before relaxing)
 .eh_frame      0x000000000011ec30      0x108 binaries/xsh_date.o
                                        0x134 (size before relaxing)
 .eh_frame      0x000000000011ed38       0x64 binaries/xsh_devdump.o
                                         0x90 (size before relaxing)
 .eh_frame      0x000000000011ed9c       0x5c binaries/xsh_echo.o
                                         0x88 (size before relaxing)
 .eh_frame      0x000000000011edf8       0x14 binaries/xsh_exit.o
                                         0x2c (size before relaxing)
 .eh_frame      0x000000000011ee0c       0xd4 binaries/xsh_help.o
                                        0x100 (size before relaxing)
 .eh_frame      0x000000000011eee0      0x194 binaries/xsh_ipaddr.o
                                        0x1c0 (size before relaxing)
 .eh_frame      0x000000000011f074       0xac binaries/xsh_kill.o
                                         0xd8 (size before relaxing)
 .eh_frame      0x000000000011f120      0x130 binaries/xsh_memdump.o
                                        0x15c (size before relaxing)
 .eh_frame      0x000000000011f250       0xbc binaries/xsh_memstat.o
                                         0xe8 (size before relaxing)
 .eh_frame      0x000000000011f30c      0x10c binaries/xsh_ping.o
                                        0x138 (size before relaxing)
 .eh_frame      0x000000000011f418       0xd8 binaries/xsh_ps.o
                                        0x104 (size before relaxing)
 .eh_frame      0x000000000011f4f0       0xac binaries/xsh_sleep.o
                                         0xd8 (size before relaxing)
 .eh_frame      0x000000000011f59c       0xe8 binaries/xsh_udpdump.o
                                        0x114 (size before relaxing)
 .eh_frame      0x000000000011f684      0x1b0 binaries/xsh_udpecho.o
                                        0x1dc (size before relaxing)
 .eh_frame      0x000000000011f834      0x128 binaries/xsh_udpeserver.o
                                        0x154 (size before relaxing)
 .eh_frame      0x000000000011f95c       0xb8 binaries/xsh_uptime.o
                                         0xe4 (size before relaxing)

.iplt           0x000000000011fa18        0x0
 .iplt          0x000000000011fa18        0x0 binaries/start.o

.rel.dyn        0x000000000011fa14        0x0
 .rel.got       0x000000000011fa14        0x0 binaries/start.o
 .rel.iplt      0x000000000011fa14        0x0 binaries/start.o
 .rel.text      0x000000000011fa14        0x0 binaries/start.o

.data           0x000000000011fa20     0x15e0
                0x000000000011fa20                data = ABSOLUTE (.)
 *(.data .data.*)
 .data          0x000000000011fa20      0x85a binaries/start.o
                0x000000000011fa20                gdt
                0x000000000011fa70                idt
                0x0000000000120276                cpudelay
 .data          0x000000000012027a        0x0 binaries/ascdate.o
 *fill*         0x000000000012027a        0x6 
 .data.rel.local
                0x0000000000120280       0x88 binaries/ascdate.o
                0x0000000000120280                Date
 .data          0x0000000000120308        0x0 binaries/bufinit.o
 .data          0x0000000000120308        0x0 binaries/chprio.o
 .data          0x0000000000120308        0x4 binaries/clkhandler.o
 .data          0x000000000012030c        0x0 binaries/clkinit.o
 .data          0x000000000012030c        0x0 binaries/close.o
 .data          0x000000000012030c        0x0 binaries/conf.o
 *fill*         0x000000000012030c       0x14 
 .data.rel      0x0000000000120320      0x30c binaries/conf.o
                0x0000000000120320                devtab
 .data          0x000000000012062c        0x0 binaries/control.o
 .data          0x000000000012062c        0x4 binaries/create.o
 .data          0x0000000000120630        0x0 binaries/early_imr.o
 .data          0x0000000000120630        0x0 binaries/evec.o
 *fill*         0x0000000000120630       0x10 
 .data.rel.local
                0x0000000000120640       0x40 binaries/evec.o
                0x0000000000120640                inames
 .data          0x0000000000120680        0x0 binaries/freebuf.o
 .data          0x0000000000120680        0x0 binaries/freemem.o
 .data          0x0000000000120680        0x0 binaries/getbuf.o
 .data          0x0000000000120680        0x0 binaries/getc.o
 .data          0x0000000000120680        0x0 binaries/getdev.o
 .data          0x0000000000120680        0x0 binaries/getitem.o
 .data          0x0000000000120680        0x0 binaries/getmem.o
 .data          0x0000000000120680        0x0 binaries/getpid.o
 .data          0x0000000000120680        0x0 binaries/getprio.o
 .data          0x0000000000120680        0x0 binaries/getstk.o
 .data          0x0000000000120680        0x0 binaries/gettime.o
 .data          0x0000000000120680        0x0 binaries/getutime.o
 .data          0x0000000000120680        0x0 binaries/init.o
 .data          0x0000000000120680        0x0 binaries/initialize.o
 .data          0x0000000000120680        0x0 binaries/insert.o
 .data          0x0000000000120680        0x0 binaries/insertd.o
 .data          0x0000000000120680        0x0 binaries/ioerr.o
 .data          0x0000000000120680        0x0 binaries/ionull.o
 .data          0x0000000000120680        0x0 binaries/kill.o
 .data          0x0000000000120680        0x0 binaries/kprintf.o
 .data          0x0000000000120680        0x0 binaries/lab3functions.o
 .data          0x0000000000120680        0x0 binaries/lcreate.o
 .data          0x0000000000120680        0x0 binaries/ldelete.o
 .data          0x0000000000120680        0x0 binaries/linit.o
 .data          0x0000000000120680        0x0 binaries/lock.o
 .data          0x0000000000120680        0x0 binaries/main.o
 .data          0x0000000000120680        0x0 binaries/mark.o
 .data          0x0000000000120680       0x48 binaries/meminit.o
                0x0000000000120680                gdt_copy
                0x00000000001206c0                bootinfo
                0x00000000001206c4                bootsign
 .data          0x00000000001206c8        0x0 binaries/mkbufpool.o
 .data          0x00000000001206c8        0x2 binaries/newqueue.o
 .data          0x00000000001206ca        0x0 binaries/open.o
 .data          0x00000000001206ca        0x0 binaries/panic.o
 .data          0x00000000001206ca        0x0 binaries/pci.o
 .data          0x00000000001206ca        0x0 binaries/platinit.o
 .data          0x00000000001206ca        0x0 binaries/ptclear.o
 .data          0x00000000001206ca        0x0 binaries/ptcount.o
 .data          0x00000000001206ca        0x0 binaries/ptcreate.o
 .data          0x00000000001206ca        0x0 binaries/ptdelete.o
 .data          0x00000000001206ca        0x0 binaries/ptinit.o
 .data          0x00000000001206ca        0x0 binaries/ptrecv.o
 .data          0x00000000001206ca        0x0 binaries/ptreset.o
 .data          0x00000000001206ca        0x0 binaries/ptsend.o
 .data          0x00000000001206ca        0x0 binaries/putc.o
 .data          0x00000000001206ca        0x0 binaries/quark_irq.o
 .data          0x00000000001206ca        0x0 binaries/quark_pdat.o
 .data          0x00000000001206ca        0x0 binaries/queue.o
 .data          0x00000000001206ca        0x0 binaries/read.o
 .data          0x00000000001206ca        0x0 binaries/ready.o
 .data          0x00000000001206ca        0x0 binaries/receive.o
 .data          0x00000000001206ca        0x0 binaries/recvclr.o
 .data          0x00000000001206ca        0x0 binaries/recvtime.o
 .data          0x00000000001206ca        0x0 binaries/releaseall.o
 .data          0x00000000001206ca        0x0 binaries/resched.o
 .data          0x00000000001206ca        0x0 binaries/resume.o
 .data          0x00000000001206ca        0x0 binaries/seek.o
 .data          0x00000000001206ca        0x0 binaries/semcount.o
 .data          0x00000000001206ca        0x0 binaries/semcreate.o
 .data          0x00000000001206ca        0x0 binaries/semdelete.o
 .data          0x00000000001206ca        0x0 binaries/semreset.o
 .data          0x00000000001206ca        0x0 binaries/send.o
 .data          0x00000000001206ca        0x0 binaries/signal.o
 .data          0x00000000001206ca        0x0 binaries/signaln.o
 .data          0x00000000001206ca        0x0 binaries/sleep.o
 .data          0x00000000001206ca        0x0 binaries/suspend.o
 .data          0x00000000001206ca        0x0 binaries/unsleep.o
 .data          0x00000000001206ca        0x0 binaries/userret.o
 .data          0x00000000001206ca        0x0 binaries/wait.o
 .data          0x00000000001206ca        0x0 binaries/wakeup.o
 .data          0x00000000001206ca        0x0 binaries/write.o
 .data          0x00000000001206ca        0x0 binaries/xdone.o
 .data          0x00000000001206ca        0x0 binaries/yield.o
 .data          0x00000000001206ca        0x0 binaries/abs.o
 .data          0x00000000001206ca        0x0 binaries/atoi.o
 .data          0x00000000001206ca        0x0 binaries/atol.o
 .data          0x00000000001206ca        0x0 binaries/bzero.o
 .data          0x00000000001206ca        0x0 binaries/ctype_.o
 .data          0x00000000001206ca        0x0 binaries/doprnt.o
 *fill*         0x00000000001206ca       0x16 
 .data          0x00000000001206e0       0x80 binaries/doscan.o
                0x00000000001206e0                _sctab
 .data          0x0000000000120760        0x0 binaries/fdoprnt.o
 .data          0x0000000000120760        0x0 binaries/fgetc.o
 .data          0x0000000000120760        0x0 binaries/fgets.o
 .data          0x0000000000120760        0x0 binaries/fprintf.o
 .data          0x0000000000120760        0x0 binaries/fputc.o
 .data          0x0000000000120760        0x0 binaries/fputs.o
 .data          0x0000000000120760        0x0 binaries/fscanf.o
 .data          0x0000000000120760        0x0 binaries/getchar.o
 .data          0x0000000000120760        0x0 binaries/labs.o
 .data          0x0000000000120760        0x0 binaries/memchr.o
 .data          0x0000000000120760        0x0 binaries/memcmp.o
 .data          0x0000000000120760        0x0 binaries/memcpy.o
 .data          0x0000000000120760        0x0 binaries/memset.o
 .data          0x0000000000120760        0x0 binaries/printf.o
 .data          0x0000000000120760        0x0 binaries/putchar.o
 .data          0x0000000000120760        0x0 binaries/qsort.o
 .data          0x0000000000120760        0x4 binaries/rand.o
 .data          0x0000000000120764        0x0 binaries/sprintf.o
 .data          0x0000000000120764        0x0 binaries/sscanf.o
 .data          0x0000000000120764        0x0 binaries/strchr.o
 .data          0x0000000000120764        0x0 binaries/strcmp.o
 .data          0x0000000000120764        0x0 binaries/strcpy.o
 .data          0x0000000000120764        0x0 binaries/strlen.o
 .data          0x0000000000120764        0x0 binaries/strncat.o
 .data          0x0000000000120764        0x0 binaries/strncmp.o
 .data          0x0000000000120764        0x0 binaries/strncpy.o
 .data          0x0000000000120764        0x0 binaries/strnlen.o
 .data          0x0000000000120764        0x0 binaries/strrchr.o
 .data          0x0000000000120764        0x0 binaries/strstr.o
 .data          0x0000000000120764        0x0 binaries/ttycontrol.o
 .data          0x0000000000120764        0x0 binaries/ttygetc.o
 .data          0x0000000000120764        0x0 binaries/ttyhandle_in.o
 .data          0x0000000000120764        0x0 binaries/ttyhandle_out.o
 .data          0x0000000000120764        0x0 binaries/ttyhandler.o
 .data          0x0000000000120764        0x0 binaries/ttyinit.o
 .data          0x0000000000120764        0x0 binaries/ttykickout.o
 .data          0x0000000000120764        0x0 binaries/ttyputc.o
 .data          0x0000000000120764        0x0 binaries/ttyread.o
 .data          0x0000000000120764        0x0 binaries/ttywrite.o
 .data          0x0000000000120764        0x0 binaries/mount.o
 .data          0x0000000000120764        0x0 binaries/naminit.o
 .data          0x0000000000120764        0x0 binaries/nammap.o
 .data          0x0000000000120764        0x0 binaries/namopen.o
 .data          0x0000000000120764        0x0 binaries/colon2mac.o
 .data          0x0000000000120764        0x0 binaries/ethcontrol.o
 .data          0x0000000000120764        0x0 binaries/ethhandler.o
 .data          0x0000000000120764        0x0 binaries/ethinit.o
 .data          0x0000000000120764        0x0 binaries/ethmcast.o
 .data          0x0000000000120764        0x0 binaries/ethread.o
 .data          0x0000000000120764        0x0 binaries/ethwrite.o
 .data          0x0000000000120764        0x0 binaries/rdsbufalloc.o
 .data          0x0000000000120764        0x0 binaries/rdsclose.o
 .data          0x0000000000120764        0x0 binaries/rdscomm.o
 .data          0x0000000000120764        0x0 binaries/rdscontrol.o
 .data          0x0000000000120764        0x0 binaries/rdsinit.o
 .data          0x0000000000120764        0x0 binaries/rdsopen.o
 .data          0x0000000000120764        0x0 binaries/rdsprocess.o
 .data          0x0000000000120764        0x0 binaries/rdsread.o
 .data          0x0000000000120764        0x0 binaries/rdswrite.o
 .data          0x0000000000120764        0x0 binaries/ramclose.o
 .data          0x0000000000120764        0x0 binaries/raminit.o
 .data          0x0000000000120764        0x0 binaries/ramopen.o
 .data          0x0000000000120764        0x0 binaries/ramread.o
 .data          0x0000000000120764        0x0 binaries/ramwrite.o
 .data          0x0000000000120764        0x0 binaries/lfdballoc.o
 .data          0x0000000000120764        0x0 binaries/lfdbfree.o
 .data          0x0000000000120764        0x0 binaries/lfflush.o
 .data          0x0000000000120764        0x0 binaries/lfgetmode.o
 .data          0x0000000000120764        0x0 binaries/lfiballoc.o
 .data          0x0000000000120764        0x0 binaries/lfibclear.o
 .data          0x0000000000120764        0x0 binaries/lfibget.o
 .data          0x0000000000120764        0x0 binaries/lfibput.o
 .data          0x0000000000120764        0x0 binaries/lflclose.o
 .data          0x0000000000120764        0x0 binaries/lflcontrol.o
 .data          0x0000000000120764        0x0 binaries/lflgetc.o
 .data          0x0000000000120764        0x0 binaries/lflinit.o
 .data          0x0000000000120764        0x0 binaries/lflputc.o
 .data          0x0000000000120764        0x0 binaries/lflread.o
 .data          0x0000000000120764        0x0 binaries/lflseek.o
 .data          0x0000000000120764        0x0 binaries/lflwrite.o
 .data          0x0000000000120764        0x0 binaries/lfsckfmt.o
 .data          0x0000000000120764        0x0 binaries/lfscreate.o
 .data          0x0000000000120764        0x0 binaries/lfsetup.o